  正在确定要还原的项目…
  所有项目均是最新的，无法还原。
  CUCoreLibRef -> g:\modmake\TKF_medical\CUCoreLibRef\bin\Release\net48\CUCoreLibRef.dll
g:\modmake\TKF_medical\CUTarkovMedicalMod\Framework\R1EItemSystem.cs(345,22): warning CS0414: 字段“R1EEffectController._sideEffectActive”已被赋值，但从未使用过它的值 [g:\modmake\TKF_medical\CUTarkovMedicalMod\CUTarkovMedicalMod.csproj]
  CUTarkovMedicalMod -> g:\modmake\TKF_medical\CUTarkovMedicalMod\bin\Release\net48\CUTarkovMedicalMod.dll
g:\modmake\TKF_weapon\Integration\WeaponCUCoreLibMode.cs(101,31): warning CS8600: 将 null 文本或可能的 null 值转换为不可为 null 类型。 [g:\modmake\TKF_weapon\CUTarkovWeaponMod.csproj]
g:\modmake\TKF_weapon\Integration\WeaponCUCoreLibMode.cs(134,67): warning CS8604: “void ConsoleSpawnPatch.ConfigureCustomItem(Item item, MedicalGrantRequest request)”中的形参“item”可能传入 null 引用实参。 [g:\modmake\TKF_weapon\CUTarkovWeaponMod.csproj]
g:\modmake\TKF_weapon\Integration\WeaponCUCoreLibMode.cs(168,39): warning CS8600: 将 null 文本或可能的 null 值转换为不可为 null 类型。 [g:\modmake\TKF_weapon\CUTarkovWeaponMod.csproj]
g:\modmake\TKF_weapon\Integration\WeaponCUCoreLibMode.cs(171,36): warning CS8600: 将 null 文本或可能的 null 值转换为不可为 null 类型。 [g:\modmake\TKF_weapon\CUTarkovWeaponMod.csproj]
g:\modmake\TKF_weapon\Integration\WeaponCUCoreLibMode.cs(176,36): warning CS8600: 将 null 文本或可能的 null 值转换为不可为 null 类型。 [g:\modmake\TKF_weapon\CUTarkovWeaponMod.csproj]
g:\modmake\TKF_weapon\Integration\WeaponCUCoreLibMode.cs(181,36): warning CS8600: 将 null 文本或可能的 null 值转换为不可为 null 类型。 [g:\modmake\TKF_weapon\CUTarkovWeaponMod.csproj]
g:\modmake\TKF_weapon\Integration\WeaponCUCoreLibMode.cs(186,36): warning CS8600: 将 null 文本或可能的 null 值转换为不可为 null 类型。 [g:\modmake\TKF_weapon\CUTarkovWeaponMod.csproj]
g:\modmake\TKF_weapon\Integration\WeaponCUCoreLibMode.cs(191,36): warning CS8600: 将 null 文本或可能的 null 值转换为不可为 null 类型。 [g:\modmake\TKF_weapon\CUTarkovWeaponMod.csproj]
g:\modmake\TKF_weapon\Integration\WeaponCUCoreLibMode.cs(196,36): warning CS8600: 将 null 文本或可能的 null 值转换为不可为 null 类型。 [g:\modmake\TKF_weapon\CUTarkovWeaponMod.csproj]
g:\modmake\TKF_weapon\Integration\WeaponCUCoreLibMode.cs(201,36): warning CS8600: 将 null 文本或可能的 null 值转换为不可为 null 类型。 [g:\modmake\TKF_weapon\CUTarkovWeaponMod.csproj]
g:\modmake\TKF_weapon\Integration\WeaponCUCoreLibMode.cs(206,36): warning CS8600: 将 null 文本或可能的 null 值转换为不可为 null 类型。 [g:\modmake\TKF_weapon\CUTarkovWeaponMod.csproj]
g:\modmake\TKF_weapon\Integration\WeaponCUCoreLibMode.cs(211,36): warning CS8600: 将 null 文本或可能的 null 值转换为不可为 null 类型。 [g:\modmake\TKF_weapon\CUTarkovWeaponMod.csproj]
g:\modmake\TKF_weapon\Integration\WeaponCUCoreLibMode.cs(216,36): warning CS8600: 将 null 文本或可能的 null 值转换为不可为 null 类型。 [g:\modmake\TKF_weapon\CUTarkovWeaponMod.csproj]
g:\modmake\TKF_weapon\Integration\WeaponCUCoreLibMode.cs(221,36): warning CS8600: 将 null 文本或可能的 null 值转换为不可为 null 类型。 [g:\modmake\TKF_weapon\CUTarkovWeaponMod.csproj]
g:\modmake\TKF_weapon\Integration\WeaponCUCoreLibMode.cs(226,36): warning CS8600: 将 null 文本或可能的 null 值转换为不可为 null 类型。 [g:\modmake\TKF_weapon\CUTarkovWeaponMod.csproj]
g:\modmake\TKF_weapon\Integration\WeaponCUCoreLibMode.cs(231,36): warning CS8600: 将 null 文本或可能的 null 值转换为不可为 null 类型。 [g:\modmake\TKF_weapon\CUTarkovWeaponMod.csproj]
g:\modmake\TKF_weapon\Integration\WeaponCUCoreLibMode.cs(236,36): warning CS8600: 将 null 文本或可能的 null 值转换为不可为 null 类型。 [g:\modmake\TKF_weapon\CUTarkovWeaponMod.csproj]
g:\modmake\TKF_weapon\Integration\WeaponCUCoreLibMode.cs(241,36): warning CS8600: 将 null 文本或可能的 null 值转换为不可为 null 类型。 [g:\modmake\TKF_weapon\CUTarkovWeaponMod.csproj]
g:\modmake\TKF_weapon\Integration\WeaponCUCoreLibMode.cs(246,36): warning CS8600: 将 null 文本或可能的 null 值转换为不可为 null 类型。 [g:\modmake\TKF_weapon\CUTarkovWeaponMod.csproj]
g:\modmake\TKF_weapon\Integration\WeaponCUCoreLibMode.cs(251,36): warning CS8600: 将 null 文本或可能的 null 值转换为不可为 null 类型。 [g:\modmake\TKF_weapon\CUTarkovWeaponMod.csproj]
g:\modmake\TKF_weapon\Integration\WeaponCUCoreLibMode.cs(256,36): warning CS8600: 将 null 文本或可能的 null 值转换为不可为 null 类型。 [g:\modmake\TKF_weapon\CUTarkovWeaponMod.csproj]
g:\modmake\TKF_weapon\Integration\WeaponCUCoreLibMode.cs(261,36): warning CS8600: 将 null 文本或可能的 null 值转换为不可为 null 类型。 [g:\modmake\TKF_weapon\CUTarkovWeaponMod.csproj]
g:\modmake\TKF_weapon\Integration\WeaponCUCoreLibMode.cs(266,36): warning CS8600: 将 null 文本或可能的 null 值转换为不可为 null 类型。 [g:\modmake\TKF_weapon\CUTarkovWeaponMod.csproj]
g:\modmake\TKF_weapon\Integration\WeaponCUCoreLibMode.cs(271,36): warning CS8600: 将 null 文本或可能的 null 值转换为不可为 null 类型。 [g:\modmake\TKF_weapon\CUTarkovWeaponMod.csproj]
g:\modmake\TKF_weapon\Integration\WeaponCUCoreLibMode.cs(276,36): warning CS8600: 将 null 文本或可能的 null 值转换为不可为 null 类型。 [g:\modmake\TKF_weapon\CUTarkovWeaponMod.csproj]
g:\modmake\TKF_weapon\Integration\WeaponCUCoreLibMode.cs(281,36): warning CS8600: 将 null 文本或可能的 null 值转换为不可为 null 类型。 [g:\modmake\TKF_weapon\CUTarkovWeaponMod.csproj]
g:\modmake\TKF_weapon\Integration\WeaponCUCoreLibMode.cs(286,36): warning CS8600: 将 null 文本或可能的 null 值转换为不可为 null 类型。 [g:\modmake\TKF_weapon\CUTarkovWeaponMod.csproj]
g:\modmake\TKF_weapon\Integration\WeaponCUCoreLibMode.cs(291,36): warning CS8600: 将 null 文本或可能的 null 值转换为不可为 null 类型。 [g:\modmake\TKF_weapon\CUTarkovWeaponMod.csproj]
g:\modmake\TKF_weapon\Integration\WeaponCUCoreLibMode.cs(296,36): warning CS8600: 将 null 文本或可能的 null 值转换为不可为 null 类型。 [g:\modmake\TKF_weapon\CUTarkovWeaponMod.csproj]
g:\modmake\TKF_weapon\Integration\WeaponCUCoreLibMode.cs(301,36): warning CS8600: 将 null 文本或可能的 null 值转换为不可为 null 类型。 [g:\modmake\TKF_weapon\CUTarkovWeaponMod.csproj]
g:\modmake\TKF_weapon\Integration\WeaponCUCoreLibMode.cs(306,36): warning CS8600: 将 null 文本或可能的 null 值转换为不可为 null 类型。 [g:\modmake\TKF_weapon\CUTarkovWeaponMod.csproj]
g:\modmake\TKF_weapon\Integration\WeaponCUCoreLibMode.cs(311,36): warning CS8600: 将 null 文本或可能的 null 值转换为不可为 null 类型。 [g:\modmake\TKF_weapon\CUTarkovWeaponMod.csproj]
g:\modmake\TKF_weapon\Integration\WeaponCUCoreLibMode.cs(316,36): warning CS8600: 将 null 文本或可能的 null 值转换为不可为 null 类型。 [g:\modmake\TKF_weapon\CUTarkovWeaponMod.csproj]
g:\modmake\TKF_weapon\Integration\WeaponCUCoreLibMode.cs(321,36): warning CS8600: 将 null 文本或可能的 null 值转换为不可为 null 类型。 [g:\modmake\TKF_weapon\CUTarkovWeaponMod.csproj]
g:\modmake\TKF_weapon\Integration\WeaponCUCoreLibMode.cs(326,36): warning CS8600: 将 null 文本或可能的 null 值转换为不可为 null 类型。 [g:\modmake\TKF_weapon\CUTarkovWeaponMod.csproj]
g:\modmake\TKF_weapon\Integration\WeaponCUCoreLibMode.cs(331,36): warning CS8600: 将 null 文本或可能的 null 值转换为不可为 null 类型。 [g:\modmake\TKF_weapon\CUTarkovWeaponMod.csproj]
g:\modmake\TKF_weapon\Integration\WeaponCUCoreLibMode.cs(336,36): warning CS8600: 将 null 文本或可能的 null 值转换为不可为 null 类型。 [g:\modmake\TKF_weapon\CUTarkovWeaponMod.csproj]
g:\modmake\TKF_weapon\Integration\WeaponCUCoreLibMode.cs(341,36): warning CS8600: 将 null 文本或可能的 null 值转换为不可为 null 类型。 [g:\modmake\TKF_weapon\CUTarkovWeaponMod.csproj]
g:\modmake\TKF_weapon\Integration\WeaponCUCoreLibMode.cs(346,36): warning CS8600: 将 null 文本或可能的 null 值转换为不可为 null 类型。 [g:\modmake\TKF_weapon\CUTarkovWeaponMod.csproj]
g:\modmake\TKF_weapon\Integration\WeaponCUCoreLibMode.cs(351,36): warning CS8600: 将 null 文本或可能的 null 值转换为不可为 null 类型。 [g:\modmake\TKF_weapon\CUTarkovWeaponMod.csproj]
g:\modmake\TKF_weapon\Integration\WeaponCUCoreLibMode.cs(356,36): warning CS8600: 将 null 文本或可能的 null 值转换为不可为 null 类型。 [g:\modmake\TKF_weapon\CUTarkovWeaponMod.csproj]
g:\modmake\TKF_weapon\Integration\WeaponCUCoreLibMode.cs(361,36): warning CS8600: 将 null 文本或可能的 null 值转换为不可为 null 类型。 [g:\modmake\TKF_weapon\CUTarkovWeaponMod.csproj]
g:\modmake\TKF_weapon\Integration\WeaponCUCoreLibMode.cs(366,36): warning CS8600: 将 null 文本或可能的 null 值转换为不可为 null 类型。 [g:\modmake\TKF_weapon\CUTarkovWeaponMod.csproj]
g:\modmake\TKF_weapon\Integration\WeaponCUCoreLibMode.cs(371,36): warning CS8600: 将 null 文本或可能的 null 值转换为不可为 null 类型。 [g:\modmake\TKF_weapon\CUTarkovWeaponMod.csproj]
g:\modmake\TKF_weapon\Integration\WeaponCUCoreLibMode.cs(376,36): warning CS8600: 将 null 文本或可能的 null 值转换为不可为 null 类型。 [g:\modmake\TKF_weapon\CUTarkovWeaponMod.csproj]
g:\modmake\TKF_weapon\Integration\WeaponCUCoreLibMode.cs(381,36): warning CS8600: 将 null 文本或可能的 null 值转换为不可为 null 类型。 [g:\modmake\TKF_weapon\CUTarkovWeaponMod.csproj]
g:\modmake\TKF_weapon\Integration\WeaponCUCoreLibMode.cs(386,36): warning CS8600: 将 null 文本或可能的 null 值转换为不可为 null 类型。 [g:\modmake\TKF_weapon\CUTarkovWeaponMod.csproj]
g:\modmake\TKF_weapon\Integration\WeaponCUCoreLibMode.cs(391,36): warning CS8600: 将 null 文本或可能的 null 值转换为不可为 null 类型。 [g:\modmake\TKF_weapon\CUTarkovWeaponMod.csproj]
g:\modmake\TKF_weapon\Integration\WeaponCUCoreLibMode.cs(396,36): warning CS8600: 将 null 文本或可能的 null 值转换为不可为 null 类型。 [g:\modmake\TKF_weapon\CUTarkovWeaponMod.csproj]
g:\modmake\TKF_weapon\Integration\WeaponCUCoreLibMode.cs(401,36): warning CS8600: 将 null 文本或可能的 null 值转换为不可为 null 类型。 [g:\modmake\TKF_weapon\CUTarkovWeaponMod.csproj]
g:\modmake\TKF_weapon\Integration\WeaponCUCoreLibMode.cs(406,36): warning CS8600: 将 null 文本或可能的 null 值转换为不可为 null 类型。 [g:\modmake\TKF_weapon\CUTarkovWeaponMod.csproj]
g:\modmake\TKF_weapon\Integration\WeaponCUCoreLibMode.cs(411,36): warning CS8600: 将 null 文本或可能的 null 值转换为不可为 null 类型。 [g:\modmake\TKF_weapon\CUTarkovWeaponMod.csproj]
g:\modmake\TKF_weapon\Integration\WeaponCUCoreLibMode.cs(416,36): warning CS8600: 将 null 文本或可能的 null 值转换为不可为 null 类型。 [g:\modmake\TKF_weapon\CUTarkovWeaponMod.csproj]
g:\modmake\TKF_weapon\Integration\WeaponCUCoreLibMode.cs(421,36): warning CS8600: 将 null 文本或可能的 null 值转换为不可为 null 类型。 [g:\modmake\TKF_weapon\CUTarkovWeaponMod.csproj]
g:\modmake\TKF_weapon\Integration\WeaponCUCoreLibMode.cs(426,36): warning CS8600: 将 null 文本或可能的 null 值转换为不可为 null 类型。 [g:\modmake\TKF_weapon\CUTarkovWeaponMod.csproj]
g:\modmake\TKF_weapon\Integration\WeaponCUCoreLibMode.cs(431,36): warning CS8600: 将 null 文本或可能的 null 值转换为不可为 null 类型。 [g:\modmake\TKF_weapon\CUTarkovWeaponMod.csproj]
g:\modmake\TKF_weapon\Integration\WeaponCUCoreLibMode.cs(436,36): warning CS8600: 将 null 文本或可能的 null 值转换为不可为 null 类型。 [g:\modmake\TKF_weapon\CUTarkovWeaponMod.csproj]
g:\modmake\TKF_weapon\Integration\WeaponCUCoreLibMode.cs(441,36): warning CS8600: 将 null 文本或可能的 null 值转换为不可为 null 类型。 [g:\modmake\TKF_weapon\CUTarkovWeaponMod.csproj]
g:\modmake\TKF_weapon\Integration\WeaponCUCoreLibMode.cs(446,36): warning CS8600: 将 null 文本或可能的 null 值转换为不可为 null 类型。 [g:\modmake\TKF_weapon\CUTarkovWeaponMod.csproj]
g:\modmake\TKF_weapon\Integration\WeaponCUCoreLibMode.cs(451,36): warning CS8600: 将 null 文本或可能的 null 值转换为不可为 null 类型。 [g:\modmake\TKF_weapon\CUTarkovWeaponMod.csproj]
g:\modmake\TKF_weapon\Integration\WeaponCUCoreLibMode.cs(456,36): warning CS8600: 将 null 文本或可能的 null 值转换为不可为 null 类型。 [g:\modmake\TKF_weapon\CUTarkovWeaponMod.csproj]
g:\modmake\TKF_weapon\Integration\WeaponCUCoreLibMode.cs(461,36): warning CS8600: 将 null 文本或可能的 null 值转换为不可为 null 类型。 [g:\modmake\TKF_weapon\CUTarkovWeaponMod.csproj]
g:\modmake\TKF_weapon\Integration\WeaponCUCoreLibMode.cs(466,36): warning CS8600: 将 null 文本或可能的 null 值转换为不可为 null 类型。 [g:\modmake\TKF_weapon\CUTarkovWeaponMod.csproj]
g:\modmake\TKF_weapon\Integration\WeaponCUCoreLibMode.cs(471,36): warning CS8600: 将 null 文本或可能的 null 值转换为不可为 null 类型。 [g:\modmake\TKF_weapon\CUTarkovWeaponMod.csproj]
g:\modmake\TKF_weapon\Integration\WeaponCUCoreLibMode.cs(476,36): warning CS8600: 将 null 文本或可能的 null 值转换为不可为 null 类型。 [g:\modmake\TKF_weapon\CUTarkovWeaponMod.csproj]
g:\modmake\TKF_weapon\Integration\WeaponCUCoreLibMode.cs(481,36): warning CS8600: 将 null 文本或可能的 null 值转换为不可为 null 类型。 [g:\modmake\TKF_weapon\CUTarkovWeaponMod.csproj]
g:\modmake\TKF_weapon\Integration\WeaponCUCoreLibMode.cs(486,36): warning CS8600: 将 null 文本或可能的 null 值转换为不可为 null 类型。 [g:\modmake\TKF_weapon\CUTarkovWeaponMod.csproj]
g:\modmake\TKF_weapon\Integration\WeaponCUCoreLibMode.cs(491,36): warning CS8600: 将 null 文本或可能的 null 值转换为不可为 null 类型。 [g:\modmake\TKF_weapon\CUTarkovWeaponMod.csproj]
g:\modmake\TKF_weapon\Integration\WeaponCUCoreLibMode.cs(496,36): warning CS8600: 将 null 文本或可能的 null 值转换为不可为 null 类型。 [g:\modmake\TKF_weapon\CUTarkovWeaponMod.csproj]
g:\modmake\TKF_weapon\Integration\WeaponCUCoreLibMode.cs(501,36): warning CS8600: 将 null 文本或可能的 null 值转换为不可为 null 类型。 [g:\modmake\TKF_weapon\CUTarkovWeaponMod.csproj]
g:\modmake\TKF_weapon\Integration\WeaponCUCoreLibMode.cs(506,36): warning CS8600: 将 null 文本或可能的 null 值转换为不可为 null 类型。 [g:\modmake\TKF_weapon\CUTarkovWeaponMod.csproj]
g:\modmake\TKF_weapon\Integration\WeaponCUCoreLibMode.cs(587,21): warning CS8604: “Type Dictionary<string, Type>.this[string key]”中的形参“key”可能传入 null 引用实参。 [g:\modmake\TKF_weapon\CUTarkovWeaponMod.csproj]
g:\modmake\TKF_weapon\Integration\WeaponCUCoreLibMode.cs(602,20): warning CS8603: 可能返回 null 引用。 [g:\modmake\TKF_weapon\CUTarkovWeaponMod.csproj]
g:\modmake\TKF_weapon\Integration\WeaponCUCoreLibMode.cs(608,20): warning CS8603: 可能返回 null 引用。 [g:\modmake\TKF_weapon\CUTarkovWeaponMod.csproj]
g:\modmake\TKF_weapon\Framework\CustomSpawnPatch.cs(766,35): warning CS8600: 将 null 文本或可能的 null 值转换为不可为 null 类型。 [g:\modmake\TKF_weapon\CUTarkovWeaponMod.csproj]
g:\modmake\TKF_weapon\Framework\VanillaBlockPatch.cs(140,24): warning CS8603: 可能返回 null 引用。 [g:\modmake\TKF_weapon\CUTarkovWeaponMod.csproj]
g:\modmake\TKF_weapon\Framework\VanillaBlockPatch.cs(143,24): warning CS8603: 可能返回 null 引用。 [g:\modmake\TKF_weapon\CUTarkovWeaponMod.csproj]
g:\modmake\TKF_weapon\Framework\VanillaBlockPatch.cs(186,20): warning CS8603: 可能返回 null 引用。 [g:\modmake\TKF_weapon\CUTarkovWeaponMod.csproj]
g:\modmake\TKF_weapon\Framework\VanillaBlockPatch.cs(101,52): warning CS8618: 在退出构造函数时，不可为 null 的 字段 "_cachedPoolField" 必须包含非 null 值。请考虑添加 "required" 修饰符或将该 字段 声明为可为 null。 [g:\modmake\TKF_weapon\CUTarkovWeaponMod.csproj]
g:\modmake\TKF_weapon\Framework\NightVisionController.cs(65,24): warning CS0169: 从不使用字段“NightVisionController._debugFrameCounter” [g:\modmake\TKF_weapon\CUTarkovWeaponMod.csproj]
g:\modmake\TKF_weapon\Framework\RecipePatch.cs(585,13): warning Harmony003: Harmony non-ref patch parameter category = category modified. This assignment have no effect. [g:\modmake\TKF_weapon\CUTarkovWeaponMod.csproj]
  CUTarkovWeaponMod -> g:\modmake\TKF_weapon\bin\Release\net48\CUTarkovWeaponMod.dll

已成功生成。

g:\modmake\TKF_medical\CUTarkovMedicalMod\Framework\R1EItemSystem.cs(345,22): warning CS0414: 字段“R1EEffectController._sideEffectActive”已被赋值，但从未使用过它的值 [g:\modmake\TKF_medical\CUTarkovMedicalMod\CUTarkovMedicalMod.csproj]
g:\modmake\TKF_weapon\Integration\WeaponCUCoreLibMode.cs(101,31): warning CS8600: 将 null 文本或可能的 null 值转换为不可为 null 类型。 [g:\modmake\TKF_weapon\CUTarkovWeaponMod.csproj]
g:\modmake\TKF_weapon\Integration\WeaponCUCoreLibMode.cs(134,67): warning CS8604: “void ConsoleSpawnPatch.ConfigureCustomItem(Item item, MedicalGrantRequest request)”中的形参“item”可能传入 null 引用实参。 [g:\modmake\TKF_weapon\CUTarkovWeaponMod.csproj]
g:\modmake\TKF_weapon\Integration\WeaponCUCoreLibMode.cs(168,39): warning CS8600: 将 null 文本或可能的 null 值转换为不可为 null 类型。 [g:\modmake\TKF_weapon\CUTarkovWeaponMod.csproj]
g:\modmake\TKF_weapon\Integration\WeaponCUCoreLibMode.cs(171,36): warning CS8600: 将 null 文本或可能的 null 值转换为不可为 null 类型。 [g:\modmake\TKF_weapon\CUTarkovWeaponMod.csproj]
g:\modmake\TKF_weapon\Integration\WeaponCUCoreLibMode.cs(176,36): warning CS8600: 将 null 文本或可能的 null 值转换为不可为 null 类型。 [g:\modmake\TKF_weapon\CUTarkovWeaponMod.csproj]
g:\modmake\TKF_weapon\Integration\WeaponCUCoreLibMode.cs(181,36): warning CS8600: 将 null 文本或可能的 null 值转换为不可为 null 类型。 [g:\modmake\TKF_weapon\CUTarkovWeaponMod.csproj]
g:\modmake\TKF_weapon\Integration\WeaponCUCoreLibMode.cs(186,36): warning CS8600: 将 null 文本或可能的 null 值转换为不可为 null 类型。 [g:\modmake\TKF_weapon\CUTarkovWeaponMod.csproj]
g:\modmake\TKF_weapon\Integration\WeaponCUCoreLibMode.cs(191,36): warning CS8600: 将 null 文本或可能的 null 值转换为不可为 null 类型。 [g:\modmake\TKF_weapon\CUTarkovWeaponMod.csproj]
g:\modmake\TKF_weapon\Integration\WeaponCUCoreLibMode.cs(196,36): warning CS8600: 将 null 文本或可能的 null 值转换为不可为 null 类型。 [g:\modmake\TKF_weapon\CUTarkovWeaponMod.csproj]
g:\modmake\TKF_weapon\Integration\WeaponCUCoreLibMode.cs(201,36): warning CS8600: 将 null 文本或可能的 null 值转换为不可为 null 类型。 [g:\modmake\TKF_weapon\CUTarkovWeaponMod.csproj]
g:\modmake\TKF_weapon\Integration\WeaponCUCoreLibMode.cs(206,36): warning CS8600: 将 null 文本或可能的 null 值转换为不可为 null 类型。 [g:\modmake\TKF_weapon\CUTarkovWeaponMod.csproj]
g:\modmake\TKF_weapon\Integration\WeaponCUCoreLibMode.cs(211,36): warning CS8600: 将 null 文本或可能的 null 值转换为不可为 null 类型。 [g:\modmake\TKF_weapon\CUTarkovWeaponMod.csproj]
g:\modmake\TKF_weapon\Integration\WeaponCUCoreLibMode.cs(216,36): warning CS8600: 将 null 文本或可能的 null 值转换为不可为 null 类型。 [g:\modmake\TKF_weapon\CUTarkovWeaponMod.csproj]
g:\modmake\TKF_weapon\Integration\WeaponCUCoreLibMode.cs(221,36): warning CS8600: 将 null 文本或可能的 null 值转换为不可为 null 类型。 [g:\modmake\TKF_weapon\CUTarkovWeaponMod.csproj]
g:\modmake\TKF_weapon\Integration\WeaponCUCoreLibMode.cs(226,36): warning CS8600: 将 null 文本或可能的 null 值转换为不可为 null 类型。 [g:\modmake\TKF_weapon\CUTarkovWeaponMod.csproj]
g:\modmake\TKF_weapon\Integration\WeaponCUCoreLibMode.cs(231,36): warning CS8600: 将 null 文本或可能的 null 值转换为不可为 null 类型。 [g:\modmake\TKF_weapon\CUTarkovWeaponMod.csproj]
g:\modmake\TKF_weapon\Integration\WeaponCUCoreLibMode.cs(236,36): warning CS8600: 将 null 文本或可能的 null 值转换为不可为 null 类型。 [g:\modmake\TKF_weapon\CUTarkovWeaponMod.csproj]
g:\modmake\TKF_weapon\Integration\WeaponCUCoreLibMode.cs(241,36): warning CS8600: 将 null 文本或可能的 null 值转换为不可为 null 类型。 [g:\modmake\TKF_weapon\CUTarkovWeaponMod.csproj]
g:\modmake\TKF_weapon\Integration\WeaponCUCoreLibMode.cs(246,36): warning CS8600: 将 null 文本或可能的 null 值转换为不可为 null 类型。 [g:\modmake\TKF_weapon\CUTarkovWeaponMod.csproj]
g:\modmake\TKF_weapon\Integration\WeaponCUCoreLibMode.cs(251,36): warning CS8600: 将 null 文本或可能的 null 值转换为不可为 null 类型。 [g:\modmake\TKF_weapon\CUTarkovWeaponMod.csproj]
g:\modmake\TKF_weapon\Integration\WeaponCUCoreLibMode.cs(256,36): warning CS8600: 将 null 文本或可能的 null 值转换为不可为 null 类型。 [g:\modmake\TKF_weapon\CUTarkovWeaponMod.csproj]
g:\modmake\TKF_weapon\Integration\WeaponCUCoreLibMode.cs(261,36): warning CS8600: 将 null 文本或可能的 null 值转换为不可为 null 类型。 [g:\modmake\TKF_weapon\CUTarkovWeaponMod.csproj]
g:\modmake\TKF_weapon\Integration\WeaponCUCoreLibMode.cs(266,36): warning CS8600: 将 null 文本或可能的 null 值转换为不可为 null 类型。 [g:\modmake\TKF_weapon\CUTarkovWeaponMod.csproj]
g:\modmake\TKF_weapon\Integration\WeaponCUCoreLibMode.cs(271,36): warning CS8600: 将 null 文本或可能的 null 值转换为不可为 null 类型。 [g:\modmake\TKF_weapon\CUTarkovWeaponMod.csproj]
g:\modmake\TKF_weapon\Integration\WeaponCUCoreLibMode.cs(276,36): warning CS8600: 将 null 文本或可能的 null 值转换为不可为 null 类型。 [g:\modmake\TKF_weapon\CUTarkovWeaponMod.csproj]
g:\modmake\TKF_weapon\Integration\WeaponCUCoreLibMode.cs(281,36): warning CS8600: 将 null 文本或可能的 null 值转换为不可为 null 类型。 [g:\modmake\TKF_weapon\CUTarkovWeaponMod.csproj]
g:\modmake\TKF_weapon\Integration\WeaponCUCoreLibMode.cs(286,36): warning CS8600: 将 null 文本或可能的 null 值转换为不可为 null 类型。 [g:\modmake\TKF_weapon\CUTarkovWeaponMod.csproj]
g:\modmake\TKF_weapon\Integration\WeaponCUCoreLibMode.cs(291,36): warning CS8600: 将 null 文本或可能的 null 值转换为不可为 null 类型。 [g:\modmake\TKF_weapon\CUTarkovWeaponMod.csproj]
g:\modmake\TKF_weapon\Integration\WeaponCUCoreLibMode.cs(296,36): warning CS8600: 将 null 文本或可能的 null 值转换为不可为 null 类型。 [g:\modmake\TKF_weapon\CUTarkovWeaponMod.csproj]
g:\modmake\TKF_weapon\Integration\WeaponCUCoreLibMode.cs(301,36): warning CS8600: 将 null 文本或可能的 null 值转换为不可为 null 类型。 [g:\modmake\TKF_weapon\CUTarkovWeaponMod.csproj]
g:\modmake\TKF_weapon\Integration\WeaponCUCoreLibMode.cs(306,36): warning CS8600: 将 null 文本或可能的 null 值转换为不可为 null 类型。 [g:\modmake\TKF_weapon\CUTarkovWeaponMod.csproj]
g:\modmake\TKF_weapon\Integration\WeaponCUCoreLibMode.cs(311,36): warning CS8600: 将 null 文本或可能的 null 值转换为不可为 null 类型。 [g:\modmake\TKF_weapon\CUTarkovWeaponMod.csproj]
g:\modmake\TKF_weapon\Integration\WeaponCUCoreLibMode.cs(316,36): warning CS8600: 将 null 文本或可能的 null 值转换为不可为 null 类型。 [g:\modmake\TKF_weapon\CUTarkovWeaponMod.csproj]
g:\modmake\TKF_weapon\Integration\WeaponCUCoreLibMode.cs(321,36): warning CS8600: 将 null 文本或可能的 null 值转换为不可为 null 类型。 [g:\modmake\TKF_weapon\CUTarkovWeaponMod.csproj]
g:\modmake\TKF_weapon\Integration\WeaponCUCoreLibMode.cs(326,36): warning CS8600: 将 null 文本或可能的 null 值转换为不可为 null 类型。 [g:\modmake\TKF_weapon\CUTarkovWeaponMod.csproj]
g:\modmake\TKF_weapon\Integration\WeaponCUCoreLibMode.cs(331,36): warning CS8600: 将 null 文本或可能的 null 值转换为不可为 null 类型。 [g:\modmake\TKF_weapon\CUTarkovWeaponMod.csproj]
g:\modmake\TKF_weapon\Integration\WeaponCUCoreLibMode.cs(336,36): warning CS8600: 将 null 文本或可能的 null 值转换为不可为 null 类型。 [g:\modmake\TKF_weapon\CUTarkovWeaponMod.csproj]
g:\modmake\TKF_weapon\Integration\WeaponCUCoreLibMode.cs(341,36): warning CS8600: 将 null 文本或可能的 null 值转换为不可为 null 类型。 [g:\modmake\TKF_weapon\CUTarkovWeaponMod.csproj]
g:\modmake\TKF_weapon\Integration\WeaponCUCoreLibMode.cs(346,36): warning CS8600: 将 null 文本或可能的 null 值转换为不可为 null 类型。 [g:\modmake\TKF_weapon\CUTarkovWeaponMod.csproj]
g:\modmake\TKF_weapon\Integration\WeaponCUCoreLibMode.cs(351,36): warning CS8600: 将 null 文本或可能的 null 值转换为不可为 null 类型。 [g:\modmake\TKF_weapon\CUTarkovWeaponMod.csproj]
g:\modmake\TKF_weapon\Integration\WeaponCUCoreLibMode.cs(356,36): warning CS8600: 将 null 文本或可能的 null 值转换为不可为 null 类型。 [g:\modmake\TKF_weapon\CUTarkovWeaponMod.csproj]
g:\modmake\TKF_weapon\Integration\WeaponCUCoreLibMode.cs(361,36): warning CS8600: 将 null 文本或可能的 null 值转换为不可为 null 类型。 [g:\modmake\TKF_weapon\CUTarkovWeaponMod.csproj]
g:\modmake\TKF_weapon\Integration\WeaponCUCoreLibMode.cs(366,36): warning CS8600: 将 null 文本或可能的 null 值转换为不可为 null 类型。 [g:\modmake\TKF_weapon\CUTarkovWeaponMod.csproj]
g:\modmake\TKF_weapon\Integration\WeaponCUCoreLibMode.cs(371,36): warning CS8600: 将 null 文本或可能的 null 值转换为不可为 null 类型。 [g:\modmake\TKF_weapon\CUTarkovWeaponMod.csproj]
g:\modmake\TKF_weapon\Integration\WeaponCUCoreLibMode.cs(376,36): warning CS8600: 将 null 文本或可能的 null 值转换为不可为 null 类型。 [g:\modmake\TKF_weapon\CUTarkovWeaponMod.csproj]
g:\modmake\TKF_weapon\Integration\WeaponCUCoreLibMode.cs(381,36): warning CS8600: 将 null 文本或可能的 null 值转换为不可为 null 类型。 [g:\modmake\TKF_weapon\CUTarkovWeaponMod.csproj]
g:\modmake\TKF_weapon\Integration\WeaponCUCoreLibMode.cs(386,36): warning CS8600: 将 null 文本或可能的 null 值转换为不可为 null 类型。 [g:\modmake\TKF_weapon\CUTarkovWeaponMod.csproj]
g:\modmake\TKF_weapon\Integration\WeaponCUCoreLibMode.cs(391,36): warning CS8600: 将 null 文本或可能的 null 值转换为不可为 null 类型。 [g:\modmake\TKF_weapon\CUTarkovWeaponMod.csproj]
g:\modmake\TKF_weapon\Integration\WeaponCUCoreLibMode.cs(396,36): warning CS8600: 将 null 文本或可能的 null 值转换为不可为 null 类型。 [g:\modmake\TKF_weapon\CUTarkovWeaponMod.csproj]
g:\modmake\TKF_weapon\Integration\WeaponCUCoreLibMode.cs(401,36): warning CS8600: 将 null 文本或可能的 null 值转换为不可为 null 类型。 [g:\modmake\TKF_weapon\CUTarkovWeaponMod.csproj]
g:\modmake\TKF_weapon\Integration\WeaponCUCoreLibMode.cs(406,36): warning CS8600: 将 null 文本或可能的 null 值转换为不可为 null 类型。 [g:\modmake\TKF_weapon\CUTarkovWeaponMod.csproj]
g:\modmake\TKF_weapon\Integration\WeaponCUCoreLibMode.cs(411,36): warning CS8600: 将 null 文本或可能的 null 值转换为不可为 null 类型。 [g:\modmake\TKF_weapon\CUTarkovWeaponMod.csproj]
g:\modmake\TKF_weapon\Integration\WeaponCUCoreLibMode.cs(416,36): warning CS8600: 将 null 文本或可能的 null 值转换为不可为 null 类型。 [g:\modmake\TKF_weapon\CUTarkovWeaponMod.csproj]
g:\modmake\TKF_weapon\Integration\WeaponCUCoreLibMode.cs(421,36): warning CS8600: 将 null 文本或可能的 null 值转换为不可为 null 类型。 [g:\modmake\TKF_weapon\CUTarkovWeaponMod.csproj]
g:\modmake\TKF_weapon\Integration\WeaponCUCoreLibMode.cs(426,36): warning CS8600: 将 null 文本或可能的 null 值转换为不可为 null 类型。 [g:\modmake\TKF_weapon\CUTarkovWeaponMod.csproj]
g:\modmake\TKF_weapon\Integration\WeaponCUCoreLibMode.cs(431,36): warning CS8600: 将 null 文本或可能的 null 值转换为不可为 null 类型。 [g:\modmake\TKF_weapon\CUTarkovWeaponMod.csproj]
g:\modmake\TKF_weapon\Integration\WeaponCUCoreLibMode.cs(436,36): warning CS8600: 将 null 文本或可能的 null 值转换为不可为 null 类型。 [g:\modmake\TKF_weapon\CUTarkovWeaponMod.csproj]
g:\modmake\TKF_weapon\Integration\WeaponCUCoreLibMode.cs(441,36): warning CS8600: 将 null 文本或可能的 null 值转换为不可为 null 类型。 [g:\modmake\TKF_weapon\CUTarkovWeaponMod.csproj]
g:\modmake\TKF_weapon\Integration\WeaponCUCoreLibMode.cs(446,36): warning CS8600: 将 null 文本或可能的 null 值转换为不可为 null 类型。 [g:\modmake\TKF_weapon\CUTarkovWeaponMod.csproj]
g:\modmake\TKF_weapon\Integration\WeaponCUCoreLibMode.cs(451,36): warning CS8600: 将 null 文本或可能的 null 值转换为不可为 null 类型。 [g:\modmake\TKF_weapon\CUTarkovWeaponMod.csproj]
g:\modmake\TKF_weapon\Integration\WeaponCUCoreLibMode.cs(456,36): warning CS8600: 将 null 文本或可能的 null 值转换为不可为 null 类型。 [g:\modmake\TKF_weapon\CUTarkovWeaponMod.csproj]
g:\modmake\TKF_weapon\Integration\WeaponCUCoreLibMode.cs(461,36): warning CS8600: 将 null 文本或可能的 null 值转换为不可为 null 类型。 [g:\modmake\TKF_weapon\CUTarkovWeaponMod.csproj]
g:\modmake\TKF_weapon\Integration\WeaponCUCoreLibMode.cs(466,36): warning CS8600: 将 null 文本或可能的 null 值转换为不可为 null 类型。 [g:\modmake\TKF_weapon\CUTarkovWeaponMod.csproj]
g:\modmake\TKF_weapon\Integration\WeaponCUCoreLibMode.cs(471,36): warning CS8600: 将 null 文本或可能的 null 值转换为不可为 null 类型。 [g:\modmake\TKF_weapon\CUTarkovWeaponMod.csproj]
g:\modmake\TKF_weapon\Integration\WeaponCUCoreLibMode.cs(476,36): warning CS8600: 将 null 文本或可能的 null 值转换为不可为 null 类型。 [g:\modmake\TKF_weapon\CUTarkovWeaponMod.csproj]
g:\modmake\TKF_weapon\Integration\WeaponCUCoreLibMode.cs(481,36): warning CS8600: 将 null 文本或可能的 null 值转换为不可为 null 类型。 [g:\modmake\TKF_weapon\CUTarkovWeaponMod.csproj]
g:\modmake\TKF_weapon\Integration\WeaponCUCoreLibMode.cs(486,36): warning CS8600: 将 null 文本或可能的 null 值转换为不可为 null 类型。 [g:\modmake\TKF_weapon\CUTarkovWeaponMod.csproj]
g:\modmake\TKF_weapon\Integration\WeaponCUCoreLibMode.cs(491,36): warning CS8600: 将 null 文本或可能的 null 值转换为不可为 null 类型。 [g:\modmake\TKF_weapon\CUTarkovWeaponMod.csproj]
g:\modmake\TKF_weapon\Integration\WeaponCUCoreLibMode.cs(496,36): warning CS8600: 将 null 文本或可能的 null 值转换为不可为 null 类型。 [g:\modmake\TKF_weapon\CUTarkovWeaponMod.csproj]
g:\modmake\TKF_weapon\Integration\WeaponCUCoreLibMode.cs(501,36): warning CS8600: 将 null 文本或可能的 null 值转换为不可为 null 类型。 [g:\modmake\TKF_weapon\CUTarkovWeaponMod.csproj]
g:\modmake\TKF_weapon\Integration\WeaponCUCoreLibMode.cs(506,36): warning CS8600: 将 null 文本或可能的 null 值转换为不可为 null 类型。 [g:\modmake\TKF_weapon\CUTarkovWeaponMod.csproj]
g:\modmake\TKF_weapon\Integration\WeaponCUCoreLibMode.cs(587,21): warning CS8604: “Type Dictionary<string, Type>.this[string key]”中的形参“key”可能传入 null 引用实参。 [g:\modmake\TKF_weapon\CUTarkovWeaponMod.csproj]
g:\modmake\TKF_weapon\Integration\WeaponCUCoreLibMode.cs(602,20): warning CS8603: 可能返回 null 引用。 [g:\modmake\TKF_weapon\CUTarkovWeaponMod.csproj]
g:\modmake\TKF_weapon\Integration\WeaponCUCoreLibMode.cs(608,20): warning CS8603: 可能返回 null 引用。 [g:\modmake\TKF_weapon\CUTarkovWeaponMod.csproj]
g:\modmake\TKF_weapon\Framework\CustomSpawnPatch.cs(766,35): warning CS8600: 将 null 文本或可能的 null 值转换为不可为 null 类型。 [g:\modmake\TKF_weapon\CUTarkovWeaponMod.csproj]
g:\modmake\TKF_weapon\Framework\VanillaBlockPatch.cs(140,24): warning CS8603: 可能返回 null 引用。 [g:\modmake\TKF_weapon\CUTarkovWeaponMod.csproj]
g:\modmake\TKF_weapon\Framework\VanillaBlockPatch.cs(143,24): warning CS8603: 可能返回 null 引用。 [g:\modmake\TKF_weapon\CUTarkovWeaponMod.csproj]
g:\modmake\TKF_weapon\Framework\VanillaBlockPatch.cs(186,20): warning CS8603: 可能返回 null 引用。 [g:\modmake\TKF_weapon\CUTarkovWeaponMod.csproj]
g:\modmake\TKF_weapon\Framework\VanillaBlockPatch.cs(101,52): warning CS8618: 在退出构造函数时，不可为 null 的 字段 "_cachedPoolField" 必须包含非 null 值。请考虑添加 "required" 修饰符或将该 字段 声明为可为 null。 [g:\modmake\TKF_weapon\CUTarkovWeaponMod.csproj]
g:\modmake\TKF_weapon\Framework\NightVisionController.cs(65,24): warning CS0169: 从不使用字段“NightVisionController._debugFrameCounter” [g:\modmake\TKF_weapon\CUTarkovWeaponMod.csproj]
g:\modmake\TKF_weapon\Framework\RecipePatch.cs(585,13): warning Harmony003: Harmony non-ref patch parameter category = category modified. This assignment have no effect. [g:\modmake\TKF_weapon\CUTarkovWeaponMod.csproj]
    82 个警告
    0 个错误

已用时间 00:00:01.74
